python : Traceback (most recent call 
last):
At line:1 char:1
+ python tmp/test_final_ui.py > 
tmp/test_output.txt 2>&1
+ ~~~~~~~~~~~~~~~~~~~~~~~~~~~~~~~~~~~~~~~~
~~~~~~~~~~~~~~
    + CategoryInfo          : NotSpecifie 
   d: (Traceback (most recent call last)  
  ::String) [], RemoteException
    + FullyQualifiedErrorId : NativeComma 
   ndError
 
  File "E:\Code Files\Verzue 
Bot\tmp\test_final_ui.py", line 70, in 
<module>
    test_final_completion_logic()
    ~~~~~~~~~~~~~~~~~~~~~~~~~~~^^
  File "E:\Code Files\Verzue 
Bot\tmp\test_final_ui.py", line 35, in 
test_final_completion_logic
    payload = view.build_v2_payload()
  File "E:\Code Files\Verzue 
Bot\app\bot\common\view.py", line 166, in 
build_v2_payload
    "components": [{"type": 10, 
"content": footer_text}],
                                          
 ^^^^^^^^^^^
UnboundLocalError: cannot access local 
variable 'footer_text' where it is not 
associated with a value
